('TTTTACCAAAAATATACACACCTG', [435, 459, 0.9886775362318843, 0.35, 0.0, 0.992])
('TTGAAAGGTTGTGGTCTTTGATGC', [299, 323, 0.987771739130435, 0.45, -1.1, 0.992])
('GTTGAAAGGTTGTGGTCTTTGATG', [298, 322, 0.987771739130435, 0.4, -1.1, 0.992])
('TATACACACCTGAATACGTGGCGG', [423, 447, 0.9875452898550726, 0.6, -3.5, 0.992])
('TTGCCTAAAAGCACGGACCCTGAA', [72, 96, 0.9873188405797104, 0.5, -2.5, 0.992])
('TTCAGGGTCCGTGCTTTTAGGCAA', [72, 96, 0.9873188405797104, 0.55, -2.5, 0.992])
('TTTTTGGTAAAAATACTGTATGGC', [447, 471, 0.9868659420289859, 0.35, -0.6, 0.992])
('GTTGCCTAAAAGCACGGACCCTGA', [73, 97, 0.9850543478260873, 0.55, -2.5, 0.992])
('TTTACCAAAAATATACACACCTGA', [434, 458, 0.9893568840579713, 0.35, 0.0, 0.992])
('TTTCAGGGTCCGTGCTTTTAGGCA', [71, 95, 0.9873188405797104, 0.55, -1.9, 0.992])
('TTTGGTAAAAATACTGTATGGCCT', [449, 473, 0.9870923913043482, 0.35, -0.7, 0.992])
