ATGGTTGAAAGGTTGTGGTCTTTGATGCAG[295, 325, 0.9851449275362322, 0.43333333333333335, -0.3, 0.3666666666666667]
ATGGTTGAAAGGTTGTGGTCTTTGATGCAGG[295, 326, 0.9850981767180929, 0.45161290322580644, -0.3, 0.3870967741935484]
ATGGTTGAAAGGTTGTGGTCTTTGATGCAGGC[295, 327, 0.9850543478260873, 0.46875, -0.3, 0.40625]
TGGTTGAAAGGTTGTGGTCTTTGATGCAGG[296, 326, 0.9851449275362322, 0.4666666666666667, -0.3, 0.3666666666666667]
TGGTTGAAAGGTTGTGGTCTTTGATGCAGGC[296, 327, 0.9850981767180929, 0.4838709677419355, -0.3, 0.3870967741935484]
AGGTCAAACACATTATTAAAACAAAGAGCACATGT[385, 420, 0.988354037267081, 0.3142857142857143, 0.0, 0.3142857142857143]
GGTCAAACACATTATTAAAACAAAGAGCACATGTT[386, 421, 0.9888198757763977, 0.3142857142857143, -0.8, 0.3142857142857143]
AACACATTATTAAAACAAAGAGCACATGTTAACCG[391, 426, 0.9881987577639753, 0.3142857142857143, -0.9, 0.3142857142857143]
ACACATTATTAAAACAAAGAGCACATGTTAACCGC[392, 427, 0.9881987577639754, 0.34285714285714286, -0.9, 0.3142857142857143]
CACATTATTAAAACAAAGAGCACATGTTAACCGCC[393, 428, 0.9877329192546587, 0.37142857142857144, -0.9, 0.3142857142857143]
ACATTATTAAAACAAAGAGCACATGTTAACCGCCA[394, 429, 0.987267080745342, 0.34285714285714286, -0.9, 0.3142857142857143]
CATTATTAAAACAAAGAGCACATGTTAACCGCCAC[395, 430, 0.9869565217391307, 0.37142857142857144, -0.9, 0.3142857142857143]
ATTATTAAAACAAAGAGCACATGTTAACCGCCACG[396, 431, 0.9869565217391307, 0.37142857142857144, -0.9, 0.3142857142857143]
TTATTAAAACAAAGAGCACATGTTAACCGCCACGT[397, 432, 0.9881987577639754, 0.37142857142857144, -0.9, 0.3142857142857143]
TATTAAAACAAAGAGCACATGTTAACCGCCACGTA[398, 433, 0.9886645962732922, 0.37142857142857144, -0.9, 0.3142857142857143]
ATTAAAACAAAGAGCACATGTTAACCGCCACGTAT[399, 434, 0.9886645962732922, 0.37142857142857144, -0.9, 0.3142857142857143]
TTAAAACAAAGAGCACATGTTAACCGCCACGTA[400, 433, 0.9889657444005274, 0.3939393939393939, -0.9, 0.303030303030303]
TTAAAACAAAGAGCACATGTTAACCGCCACGTAT[400, 434, 0.98881074168798, 0.38235294117647056, -0.9, 0.32352941176470584]
TTAAAACAAAGAGCACATGTTAACCGCCACGTATT[400, 435, 0.9891304347826091, 0.37142857142857144, -0.9, 0.34285714285714286]
TAAAACAAAGAGCACATGTTAACCGCCACGTA[401, 433, 0.9886209239130439, 0.40625, -0.9, 0.3125]
TAAAACAAAGAGCACATGTTAACCGCCACGTAT[401, 434, 0.9884716732542824, 0.3939393939393939, -0.9, 0.33333333333333337]
TAAAACAAAGAGCACATGTTAACCGCCACGTATT[401, 435, 0.98881074168798, 0.38235294117647056, -0.9, 0.3529411764705882]
TAAAACAAAGAGCACATGTTAACCGCCACGTATTC[401, 436, 0.9886645962732924, 0.4, -0.9, 0.37142857142857144]
AAAACAAAGAGCACATGTTAACCGCCACGT[402, 432, 0.9884057971014497, 0.43333333333333335, -0.9, 0.30000000000000004]
AAAACAAAGAGCACATGTTAACCGCCACGTA[402, 433, 0.9887798036465643, 0.41935483870967744, -0.9, 0.32258064516129037]
AAAACAAAGAGCACATGTTAACCGCCACGTAT[402, 434, 0.9886209239130439, 0.40625, -0.9, 0.34375]
AAAACAAAGAGCACATGTTAACCGCCACGTATT[402, 435, 0.9889657444005274, 0.3939393939393939, -0.9, 0.36363636363636365]
AAAACAAAGAGCACATGTTAACCGCCACGTATTC[402, 436, 0.98881074168798, 0.4117647058823529, -0.9, 0.38235294117647056]
AAAACAAAGAGCACATGTTAACCGCCACGTATTCA[402, 437, 0.9891304347826091, 0.4, -0.9, 0.4]
AAACAAAGAGCACATGTTAACCGCCACGTA[403, 433, 0.9885869565217396, 0.43333333333333335, -0.9, 0.4]
AAACAAAGAGCACATGTTAACCGCCACGTAT[403, 434, 0.9884291725105193, 0.41935483870967744, -0.9, 0.3548387096774194]
AAACAAAGAGCACATGTTAACCGCCACGTATT[403, 435, 0.9887907608695656, 0.40625, -0.9, 0.4375]
AAACAAAGAGCACATGTTAACCGCCACGTATTC[403, 436, 0.9886363636363641, 0.42424242424242425, -0.9, 0.3939393939393939]
AAACAAAGAGCACATGTTAACCGCCACGTATTCA[403, 437, 0.9889705882352945, 0.4117647058823529, -0.9, 0.47058823529411764]
AAACAAAGAGCACATGTTAACCGCCACGTATTCAG[403, 438, 0.9886645962732924, 0.42857142857142855, -0.9, 0.4285714285714286]
AACAAAGAGCACATGTTAACCGCCACGTAT[404, 434, 0.9891304347826091, 0.43333333333333335, -0.5, 0.4]
AACAAAGAGCACATGTTAACCGCCACGTATT[404, 435, 0.9894810659186539, 0.41935483870967744, -0.5, 0.4193548387096774]
AACAAAGAGCACATGTTAACCGCCACGTATTC[404, 436, 0.9893002717391308, 0.4375, -0.5, 0.4375]
AACAAAGAGCACATGTTAACCGCCACGTATTCA[404, 437, 0.9896245059288541, 0.42424242424242425, -0.5, 0.4545454545454546]
AACAAAGAGCACATGTTAACCGCCACGTATTCAG[404, 438, 0.9892902813299237, 0.4411764705882353, -0.5, 0.47058823529411764]
AACAAAGAGCACATGTTAACCGCCACGTATTCAGG[404, 439, 0.9895962732919259, 0.45714285714285713, -0.5, 0.48571428571428577]
ACAAAGAGCACATGTTAACCGCCACGTATT[405, 435, 0.9891304347826091, 0.43333333333333335, 0.0, 0.33333333333333337]
ACAAAGAGCACATGTTAACCGCCACGTATTC[405, 436, 0.9889551192145867, 0.45161290322580644, 0.0, 0.3548387096774194]
ACAAAGAGCACATGTTAACCGCCACGTATTCA[405, 437, 0.9893002717391308, 0.4375, 0.0, 0.375]
ACAAAGAGCACATGTTAACCGCCACGTATTCAG[405, 438, 0.9889657444005274, 0.45454545454545453, 0.0, 0.3939393939393939]
ACAAAGAGCACATGTTAACCGCCACGTATTCAGG[405, 439, 0.9892902813299237, 0.47058823529411764, 0.0, 0.4117647058823529]
ACAAAGAGCACATGTTAACCGCCACGTATTCAGGT[405, 440, 0.9895962732919259, 0.45714285714285713, -0.1, 0.4285714285714286]
CAAAGAGCACATGTTAACCGCCACGTATTC[406, 436, 0.9891304347826091, 0.4666666666666667, 0.0, 0.33333333333333337]
CAAAGAGCACATGTTAACCGCCACGTATTCA[406, 437, 0.9894810659186539, 0.45161290322580644, 0.0, 0.3548387096774194]
CAAAGAGCACATGTTAACCGCCACGTATTCAG[406, 438, 0.9891304347826091, 0.46875, 0.0, 0.375]
CAAAGAGCACATGTTAACCGCCACGTATTCAGG[406, 439, 0.9894598155467724, 0.48484848484848486, 0.0, 0.3939393939393939]
CAAAGAGCACATGTTAACCGCCACGTATTCAGGT[406, 440, 0.9897698209718674, 0.47058823529411764, -0.1, 0.4117647058823529]
CAAAGAGCACATGTTAACCGCCACGTATTCAGGTG[406, 441, 0.9895962732919259, 0.4857142857142857, -0.8, 0.4285714285714286]
AAAGAGCACATGTTAACCGCCACGTATTCA[407, 437, 0.9891304347826091, 0.43333333333333335, 0.0, 0.33333333333333337]
AAAGAGCACATGTTAACCGCCACGTATTCAG[407, 438, 0.9887798036465643, 0.45161290322580644, 0.0, 0.3548387096774194]
AAAGAGCACATGTTAACCGCCACGTATTCAGG[407, 439, 0.9891304347826091, 0.46875, 0.0, 0.375]
AAAGAGCACATGTTAACCGCCACGTATTCAGGT[407, 440, 0.9894598155467724, 0.45454545454545453, -0.1, 0.3939393939393939]
AAAGAGCACATGTTAACCGCCACGTATTCAGGTG[407, 441, 0.9892902813299237, 0.47058823529411764, -0.8, 0.4117647058823529]
AAAGAGCACATGTTAACCGCCACGTATTCAGGTGT[407, 442, 0.9891304347826091, 0.45714285714285713, -1.0, 0.4285714285714286]
AAGAGCACATGTTAACCGCCACGTATTCAG[408, 438, 0.9884057971014496, 0.4666666666666667, 0.0, 0.33333333333333337]
AAGAGCACATGTTAACCGCCACGTATTCAGG[408, 439, 0.9887798036465641, 0.4838709677419355, 0.0, 0.3548387096774194]
AAGAGCACATGTTAACCGCCACGTATTCAGGT[408, 440, 0.989130434782609, 0.46875, -0.1, 0.375]
AAGAGCACATGTTAACCGCCACGTATTCAGGTG[408, 441, 0.9889657444005272, 0.48484848484848486, -0.8, 0.3939393939393939]
AAGAGCACATGTTAACCGCCACGTATTCAGGTGT[408, 442, 0.9888107416879798, 0.47058823529411764, -1.0, 0.4117647058823529]
AAGAGCACATGTTAACCGCCACGTATTCAGGTGTG[408, 443, 0.9886645962732922, 0.4857142857142857, -1.2, 0.4285714285714286]
AGAGCACATGTTAACCGCCACGTATTCAGG[409, 439, 0.9889492753623191, 0.5, 0.0, 0.33333333333333337]
AGAGCACATGTTAACCGCCACGTATTCAGGT[409, 440, 0.9893057503506314, 0.4838709677419355, -0.1, 0.3548387096774194]
AGAGCACATGTTAACCGCCACGTATTCAGGTG[409, 441, 0.989130434782609, 0.5, -0.8, 0.375]
AGAGCACATGTTAACCGCCACGTATTCAGGTGT[409, 442, 0.9889657444005272, 0.48484848484848486, -1.0, 0.3939393939393939]
AGAGCACATGTTAACCGCCACGTATTCAGGTGTG[409, 443, 0.9888107416879798, 0.5, -1.2, 0.4117647058823529]
AGAGCACATGTTAACCGCCACGTATTCAGGTGTGT[409, 444, 0.9886645962732922, 0.4857142857142857, -1.2, 0.4285714285714286]
GAGCACATGTTAACCGCCACGTATTCAGGT[410, 440, 0.9889492753623191, 0.5, -0.1, 0.3666666666666667]
GAGCACATGTTAACCGCCACGTATTCAGGTG[410, 441, 0.9887798036465641, 0.5161290322580645, -0.8, 0.3870967741935484]
GAGCACATGTTAACCGCCACGTATTCAGGTGT[410, 442, 0.9886209239130438, 0.5, -1.0, 0.40625]
GAGCACATGTTAACCGCCACGTATTCAGGTGTG[410, 443, 0.9884716732542822, 0.5151515151515151, -1.2, 0.4242424242424242]
GAGCACATGTTAACCGCCACGTATTCAGGTGTGT[410, 444, 0.9883312020460361, 0.5, -1.2, 0.4411764705882353]
GAGCACATGTTAACCGCCACGTATTCAGGTGTGTA[410, 445, 0.9886645962732922, 0.4857142857142857, -1.2, 0.4571428571428572]
AGCACATGTTAACCGCCACGTATTCAGGTG[411, 441, 0.9884057971014496, 0.5, -0.8, 0.33333333333333337]
AGCACATGTTAACCGCCACGTATTCAGGTGT[411, 442, 0.9882538569424968, 0.4838709677419355, -1.0, 0.3548387096774194]
AGCACATGTTAACCGCCACGTATTCAGGTGTG[411, 443, 0.9881114130434786, 0.5, -1.2, 1.0]
AGCACATGTTAACCGCCACGTATTCAGGTGTGT[411, 444, 0.9879776021080371, 0.48484848484848486, -1.2, 1.0]
AGCACATGTTAACCGCCACGTATTCAGGTGTGTA[411, 445, 0.9883312020460361, 0.47058823529411764, -1.2, 1.0]
AGCACATGTTAACCGCCACGTATTCAGGTGTGTAT[411, 446, 0.9881987577639754, 0.45714285714285713, -1.2, 1.0]
GCACATGTTAACCGCCACGTATTCAGGTGT[412, 442, 0.9878623188405801, 0.5, -1.0, 0.33333333333333337]
GCACATGTTAACCGCCACGTATTCAGGTGTG[412, 443, 0.9877279102384295, 0.5161290322580645, -1.0, 0.3548387096774194]
GCACATGTTAACCGCCACGTATTCAGGTGTGT[412, 444, 0.9876019021739134, 0.5, -1.0, 1.0]
GCACATGTTAACCGCCACGTATTCAGGTGTGTA[412, 445, 0.9879776021080373, 0.48484848484848486, -1.0, 1.0]
GCACATGTTAACCGCCACGTATTCAGGTGTGTAT[412, 446, 0.9878516624040925, 0.47058823529411764, -1.0, 1.0]
GCACATGTTAACCGCCACGTATTCAGGTGTGTATA[412, 447, 0.9881987577639756, 0.45714285714285713, -1.0, 1.0]
CACATGTTAACCGCCACGTATTCAGGTGTG[413, 443, 0.9878623188405801, 0.5, -0.8, 0.33333333333333337]
CACATGTTAACCGCCACGTATTCAGGTGTGT[413, 444, 0.9877279102384295, 0.4838709677419355, -0.8, 0.4838709677419355]
CACATGTTAACCGCCACGTATTCAGGTGTGTA[413, 445, 0.9881114130434786, 0.46875, -0.8, 1.0]
CACATGTTAACCGCCACGTATTCAGGTGTGTAT[413, 446, 0.9879776021080371, 0.45454545454545453, -0.8, 1.0]
CACATGTTAACCGCCACGTATTCAGGTGTGTATA[413, 447, 0.9883312020460361, 0.4411764705882353, -0.8, 1.0]
CACATGTTAACCGCCACGTATTCAGGTGTGTATAT[413, 448, 0.9881987577639754, 0.42857142857142855, -0.8, 1.0]
ACATGTTAACCGCCACGTATTCAGGTGTGT[414, 444, 0.9873188405797105, 0.4666666666666667, -0.8, 0.33333333333333337]
ACATGTTAACCGCCACGTATTCAGGTGTGTA[414, 445, 0.9877279102384295, 0.45161290322580644, -0.8, 0.4193548387096774]
ACATGTTAACCGCCACGTATTCAGGTGTGTAT[414, 446, 0.9876019021739134, 0.4375, -0.8, 1.0]
ACATGTTAACCGCCACGTATTCAGGTGTGTATA[414, 447, 0.9879776021080373, 0.42424242424242425, -0.8, 1.0]
ACATGTTAACCGCCACGTATTCAGGTGTGTATAT[414, 448, 0.9878516624040925, 0.4117647058823529, -0.8, 1.0]
ACATGTTAACCGCCACGTATTCAGGTGTGTATATT[414, 449, 0.9877329192546589, 0.4, -0.8, 1.0]
CATGTTAACCGCCACGTATTCAGGTGTGTA[415, 445, 0.9873188405797105, 0.4666666666666667, -0.8, 0.4]
CATGTTAACCGCCACGTATTCAGGTGTGTAT[415, 446, 0.9872019635343622, 0.45161290322580644, -0.8, 0.4193548387096774]
CATGTTAACCGCCACGTATTCAGGTGTGTATA[415, 447, 0.9876019021739134, 0.4375, -0.8, 1.0]
CATGTTAACCGCCACGTATTCAGGTGTGTATAT[415, 448, 0.9874835309617921, 0.42424242424242425, -0.8, 1.0]
CATGTTAACCGCCACGTATTCAGGTGTGTATATT[415, 449, 0.9873721227621486, 0.4117647058823529, -0.8, 1.0]
CATGTTAACCGCCACGTATTCAGGTGTGTATATTT[415, 450, 0.9877329192546587, 0.4, -0.8, 0.5142857142857142]
ATGTTAACCGCCACGTATTCAGGTGTGTAT[416, 446, 0.9873188405797105, 0.43333333333333335, -0.8, 0.4]
ATGTTAACCGCCACGTATTCAGGTGTGTATA[416, 447, 0.9877279102384295, 0.41935483870967744, -0.8, 0.4193548387096774]
ATGTTAACCGCCACGTATTCAGGTGTGTATAT[416, 448, 0.9876019021739134, 0.40625, -0.8, 1.0]
ATGTTAACCGCCACGTATTCAGGTGTGTATATT[416, 449, 0.9874835309617921, 0.3939393939393939, -0.8, 1.0]
ATGTTAACCGCCACGTATTCAGGTGTGTATATTT[416, 450, 0.9878516624040924, 0.38235294117647056, -0.8, 0.5]
ATGTTAACCGCCACGTATTCAGGTGTGTATATTTT[416, 451, 0.9877329192546587, 0.37142857142857144, -0.8, 0.4571428571428572]
TGTTAACCGCCACGTATTCAGGTGTGTATA[417, 447, 0.9878623188405801, 0.43333333333333335, -0.8, 0.4666666666666667]
TGTTAACCGCCACGTATTCAGGTGTGTATAT[417, 448, 0.9877279102384295, 0.41935483870967744, -0.8, 0.4193548387096774]
TGTTAACCGCCACGTATTCAGGTGTGTATATT[417, 449, 0.9876019021739134, 0.40625, -0.8, 1.0]
TGTTAACCGCCACGTATTCAGGTGTGTATATTT[417, 450, 0.9879776021080373, 0.3939393939393939, -0.8, 0.48484848484848486]
TGTTAACCGCCACGTATTCAGGTGTGTATATTTT[417, 451, 0.9878516624040925, 0.38235294117647056, -0.8, 0.4411764705882353]
TGTTAACCGCCACGTATTCAGGTGTGTATATTTTT[417, 452, 0.9881987577639756, 0.37142857142857144, -0.8, 0.4285714285714286]
GTTAACCGCCACGTATTCAGGTGTGTATAT[418, 448, 0.9878623188405801, 0.43333333333333335, -0.8, 0.4666666666666667]
GTTAACCGCCACGTATTCAGGTGTGTATATT[418, 449, 0.9877279102384295, 0.41935483870967744, -0.8, 0.4193548387096774]
GTTAACCGCCACGTATTCAGGTGTGTATATTT[418, 450, 0.9881114130434786, 0.40625, -0.8, 0.40625]
GTTAACCGCCACGTATTCAGGTGTGTATATTTT[418, 451, 0.9879776021080371, 0.3939393939393939, -0.8, 0.4242424242424242]
GTTAACCGCCACGTATTCAGGTGTGTATATTTTT[418, 452, 0.9883312020460361, 0.38235294117647056, -0.8, 0.4117647058823529]
GTTAACCGCCACGTATTCAGGTGTGTATATTTTTG[418, 453, 0.9886645962732922, 0.4, -0.8, 0.4571428571428572]
TTAACCGCCACGTATTCAGGTGTGTATATT[419, 449, 0.9873188405797105, 0.4, -0.8, 0.4666666666666667]
TTAACCGCCACGTATTCAGGTGTGTATATTT[419, 450, 0.9877279102384295, 0.3870967741935484, -0.8, 0.4516129032258065]
TTAACCGCCACGTATTCAGGTGTGTATATTTT[419, 451, 0.9876019021739134, 0.375, -0.8, 0.40625]
TTAACCGCCACGTATTCAGGTGTGTATATTTTT[419, 452, 0.9879776021080373, 0.36363636363636365, -0.8, 0.4545454545454546]
TTAACCGCCACGTATTCAGGTGTGTATATTTTTG[419, 453, 0.9883312020460363, 0.38235294117647056, -0.8, 0.4411764705882353]
TTAACCGCCACGTATTCAGGTGTGTATATTTTTGG[419, 454, 0.98804347826087, 0.4, -0.8, 0.4571428571428572]
TAACCGCCACGTATTCAGGTGTGTATATTT[420, 450, 0.9873188405797105, 0.4, -0.8, 0.3666666666666667]
TAACCGCCACGTATTCAGGTGTGTATATTTT[420, 451, 0.9872019635343622, 0.3870967741935484, -0.8, 0.3870967741935484]
TAACCGCCACGTATTCAGGTGTGTATATTTTT[420, 452, 0.9876019021739134, 0.375, -0.8, 0.375]
TAACCGCCACGTATTCAGGTGTGTATATTTTTG[420, 453, 0.9879776021080373, 0.3939393939393939, -0.8, 0.4242424242424242]
TAACCGCCACGTATTCAGGTGTGTATATTTTTGG[420, 454, 0.987691815856778, 0.4117647058823529, -0.8, 0.4411764705882353]
TAACCGCCACGTATTCAGGTGTGTATATTTTTGGT[420, 455, 0.98804347826087, 0.4, -0.8, 0.4571428571428572]
AACCGCCACGTATTCAGGTGTGTATATTTT[421, 451, 0.986775362318841, 0.4, -0.8, 0.3666666666666667]
AACCGCCACGTATTCAGGTGTGTATATTTTT[421, 452, 0.9872019635343622, 0.3870967741935484, -0.8, 0.4193548387096774]
AACCGCCACGTATTCAGGTGTGTATATTTTTG[421, 453, 0.9876019021739134, 0.40625, -0.8, 0.40625]
AACCGCCACGTATTCAGGTGTGTATATTTTTGG[421, 454, 0.9873188405797104, 0.42424242424242425, -0.8, 0.4242424242424242]
AACCGCCACGTATTCAGGTGTGTATATTTTTGGT[421, 455, 0.9876918158567778, 0.4117647058823529, -0.8, 0.4411764705882353]
AACCGCCACGTATTCAGGTGTGTATATTTTTGGTA[421, 456, 0.9875776397515531, 0.4, -0.8, 0.4571428571428572]
ACCGCCACGTATTCAGGTGTGTATATTTTT[422, 452, 0.9867753623188409, 0.4, -0.8, 0.33333333333333337]
ACCGCCACGTATTCAGGTGTGTATATTTTTG[422, 453, 0.9872019635343621, 0.41935483870967744, -0.8, 0.3870967741935484]
ACCGCCACGTATTCAGGTGTGTATATTTTTGG[422, 454, 0.9869225543478264, 0.4375, -0.8, 0.40625]
ACCGCCACGTATTCAGGTGTGTATATTTTTGGT[422, 455, 0.9873188405797104, 0.42424242424242425, -0.8, 0.4242424242424242]
ACCGCCACGTATTCAGGTGTGTATATTTTTGGTA[422, 456, 0.9872122762148341, 0.4117647058823529, -0.8, 0.4411764705882353]
ACCGCCACGTATTCAGGTGTGTATATTTTTGGTAA[422, 457, 0.9866459627329196, 0.4, -0.8, 0.4571428571428572]
CCGCCACGTATTCAGGTGTGTATATTTTTG[423, 453, 0.9884057971014495, 0.43333333333333335, -0.8, 0.3666666666666667]
CCGCCACGTATTCAGGTGTGTATATTTTTGG[423, 454, 0.9880785413744743, 0.45161290322580644, -0.8, 0.3870967741935484]
CCGCCACGTATTCAGGTGTGTATATTTTTGGT[423, 455, 0.988451086956522, 0.4375, -0.8, 0.40625]
CCGCCACGTATTCAGGTGTGTATATTTTTGGTA[423, 456, 0.9883069828722005, 0.42424242424242425, -0.8, 0.4242424242424242]
CCGCCACGTATTCAGGTGTGTATATTTTTGGTAA[423, 457, 0.9876918158567778, 0.4117647058823529, -0.8, 0.4411764705882353]
CCGCCACGTATTCAGGTGTGTATATTTTTGGTAAA[423, 458, 0.9875776397515531, 0.4, -0.8, 0.4571428571428572]
CGCCACGTATTCAGGTGTGTATATTTTTGG[424, 454, 0.9884057971014496, 0.43333333333333335, -0.8, 0.3666666666666667]
CGCCACGTATTCAGGTGTGTATATTTTTGGT[424, 455, 0.9887798036465641, 0.41935483870967744, -0.8, 0.3870967741935484]
CGCCACGTATTCAGGTGTGTATATTTTTGGTA[424, 456, 0.9886209239130438, 0.40625, -0.8, 0.40625]
CGCCACGTATTCAGGTGTGTATATTTTTGGTAA[424, 457, 0.9879776021080371, 0.3939393939393939, -0.8, 0.4242424242424242]
CGCCACGTATTCAGGTGTGTATATTTTTGGTAAA[424, 458, 0.9878516624040924, 0.38235294117647056, -0.8, 0.4411764705882353]
CGCCACGTATTCAGGTGTGTATATTTTTGGTAAAA[424, 459, 0.9877329192546587, 0.37142857142857144, -1.2, 0.4285714285714286]
GCCACGTATTCAGGTGTGTATATTTTTGGT[425, 455, 0.9889492753623191, 0.4, -0.8, 0.3666666666666667]
GCCACGTATTCAGGTGTGTATATTTTTGGTA[425, 456, 0.9887798036465641, 0.3870967741935484, -0.8, 0.3870967741935484]
GCCACGTATTCAGGTGTGTATATTTTTGGTAA[425, 457, 0.9881114130434785, 0.375, -0.8, 0.40625]
GCCACGTATTCAGGTGTGTATATTTTTGGTAAA[425, 458, 0.9879776021080371, 0.36363636363636365, -0.8, 0.36363636363636365]
GCCACGTATTCAGGTGTGTATATTTTTGGTAAAA[425, 459, 0.9878516624040924, 0.35294117647058826, -1.2, 0.4117647058823529]
GCCACGTATTCAGGTGTGTATATTTTTGGTAAAAA[425, 460, 0.9877329192546587, 0.34285714285714286, -1.9, 0.4285714285714286]
CCACGTATTCAGGTGTGTATATTTTTGGTA[426, 456, 0.9889492753623191, 0.36666666666666664, -0.8, 0.3666666666666667]
CCACGTATTCAGGTGTGTATATTTTTGGTAA[426, 457, 0.9882538569424967, 0.3548387096774194, -0.8, 1.0]
CCACGTATTCAGGTGTGTATATTTTTGGTAAA[426, 458, 0.9881114130434785, 0.34375, -0.8, 1.0]
CCACGTATTCAGGTGTGTATATTTTTGGTAAAA[426, 459, 0.9879776021080371, 0.3333333333333333, -1.2, 1.0]
CCACGTATTCAGGTGTGTATATTTTTGGTAAAAA[426, 460, 0.9878516624040924, 0.3235294117647059, -1.9, 1.0]
CCACGTATTCAGGTGTGTATATTTTTGGTAAAAAT[426, 461, 0.9877329192546587, 0.3142857142857143, -2.6, 1.0]
CACGTATTCAGGTGTGTATATTTTTGGTAA[427, 457, 0.9884057971014495, 0.3333333333333333, -0.5, 1.0]
CACGTATTCAGGTGTGTATATTTTTGGTAAA[427, 458, 0.9882538569424967, 0.3225806451612903, -0.5, 1.0]
CACGTATTCAGGTGTGTATATTTTTGGTAAAA[427, 459, 0.9881114130434785, 0.3125, -0.9, 1.0]
CACGTATTCAGGTGTGTATATTTTTGGTAAAAA[427, 460, 0.9879776021080371, 0.30303030303030304, -1.6, 1.0]
CAGGTGTGTATATTTTTGGTAAAAATACTGTATGG[435, 470, 0.9875776397515531, 0.3142857142857143, -2.7, 1.0]
AGGTGTGTATATTTTTGGTAAAAATACTGTATGGC[436, 471, 0.98804347826087, 0.3142857142857143, -2.7, 1.0]
GGTGTGTATATTTTTGGTAAAAATACTGTATGG[437, 470, 0.9873188405797104, 0.30303030303030304, -2.7, 1.0]
GGTGTGTATATTTTTGGTAAAAATACTGTATGGC[437, 471, 0.9876918158567778, 0.3235294117647059, -2.7, 1.0]
GGTGTGTATATTTTTGGTAAAAATACTGTATGGCC[437, 472, 0.987267080745342, 0.34285714285714286, -2.7, 1.0]
GTGTGTATATTTTTGGTAAAAATACTGTATGGC[438, 471, 0.9879776021080373, 0.30303030303030304, -2.7, 1.0]
GTGTGTATATTTTTGGTAAAAATACTGTATGGCC[438, 472, 0.9875319693094634, 0.3235294117647059, -2.7, 1.0]
GTGTGTATATTTTTGGTAAAAATACTGTATGGCCT[438, 473, 0.9878881987577645, 0.3142857142857143, -2.7, 1.0]
TGTGTATATTTTTGGTAAAAATACTGTATGGCC[439, 472, 0.9871541501976288, 0.30303030303030304, -2.7, 1.0]
TGTGTATATTTTTGGTAAAAATACTGTATGGCCTC[439, 474, 0.9874223602484475, 0.3142857142857143, -2.7, 1.0]
GTGTATATTTTTGGTAAAAATACTGTATGGCC[440, 472, 0.9867527173913047, 0.3125, -2.7, 1.0]
GTGTATATTTTTGGTAAAAATACTGTATGGCCT[440, 473, 0.9871541501976288, 0.30303030303030304, -2.7, 1.0]
GTGTATATTTTTGGTAAAAATACTGTATGGCCTC[440, 474, 0.9870524296675195, 0.3235294117647059, -2.7, 1.0]
GTGTATATTTTTGGTAAAAATACTGTATGGCCTCT[440, 475, 0.9869565217391307, 0.3142857142857143, -2.7, 1.0]
TGTATATTTTTGGTAAAAATACTGTATGGCCTC[441, 474, 0.9871541501976288, 0.30303030303030304, -2.7, 1.0]
GTATATTTTTGGTAAAAATACTGTATGGCCTC[442, 474, 0.98726222826087, 0.3125, -2.7, 1.0]
GTATATTTTTGGTAAAAATACTGTATGGCCTCT[442, 475, 0.9871541501976288, 0.30303030303030304, -2.7, 1.0]
TATTTTTGGTAAAAATACTGTATGGCCTCTTTC[445, 478, 0.9871541501976288, 0.30303030303030304, -2.3, 1.0]
TATTTTTGGTAAAAATACTGTATGGCCTCTTTCAG[445, 480, 0.9858695652173917, 0.3142857142857143, -2.3, 1.0]
ATTTTTGGTAAAAATACTGTATGGCCTCTTTC[446, 478, 0.9872622282608701, 0.3125, -1.7, 1.0]
ATTTTTGGTAAAAATACTGTATGGCCTCTTTCA[446, 479, 0.987154150197629, 0.30303030303030304, -1.7, 1.0]
ATTTTTGGTAAAAATACTGTATGGCCTCTTTCAG[446, 480, 0.9859335038363177, 0.3235294117647059, -1.7, 1.0]
ATTTTTGGTAAAAATACTGTATGGCCTCTTTCAGG[446, 481, 0.9858695652173919, 0.34285714285714286, -2.2, 1.0]
TTTTTGGTAAAAATACTGTATGGCCTCTTTC[447, 478, 0.9868513323983175, 0.3225806451612903, -0.8, 1.0]
TTTTTGGTAAAAATACTGTATGGCCTCTTTCA[447, 479, 0.9867527173913049, 0.3125, -0.8, 1.0]
TTTTTGGTAAAAATACTGTATGGCCTCTTTCAG[447, 480, 0.9855072463768122, 0.3333333333333333, -0.8, 1.0]
TTTTTGGTAAAAATACTGTATGGCCTCTTTCAGG[447, 481, 0.985453964194374, 0.35294117647058826, -1.3, 1.0]
TTTTGGTAAAAATACTGTATGGCCTCTTTC[448, 478, 0.986956521739131, 0.3333333333333333, -0.4, 1.0]
TTTTGGTAAAAATACTGTATGGCCTCTTTCA[448, 479, 0.9868513323983175, 0.3225806451612903, -0.4, 1.0]
TTTTGGTAAAAATACTGTATGGCCTCTTTCAG[448, 480, 0.9855638586956527, 0.34375, -0.4, 1.0]
TTTTGGTAAAAATACTGTATGGCCTCTTTCAGG[448, 481, 0.985507246376812, 0.36363636363636365, -0.9, 1.0]
TTTGGTAAAAATACTGTATGGCCTCTTTCA[449, 479, 0.986956521739131, 0.3333333333333333, -0.2, 1.0]
TTTGGTAAAAATACTGTATGGCCTCTTTCAG[449, 480, 0.9856241234221603, 0.3548387096774194, -0.2, 1.0]
TTTGGTAAAAATACTGTATGGCCTCTTTCAGG[449, 481, 0.9855638586956527, 0.375, -0.7, 1.0]
TTGGTAAAAATACTGTATGGCCTCTTTCAG[450, 480, 0.9851449275362324, 0.36666666666666664, -0.2, 1.0]
TTGGTAAAAATACTGTATGGCCTCTTTCAGG[450, 481, 0.9850981767180931, 0.3870967741935484, -0.7, 1.0]
TGGTAAAAATACTGTATGGCCTCTTTCAGG[451, 481, 0.9851449275362324, 0.4, -0.7, 1.0]
